Args in experiment:
Namespace(is_training=1, train_only=False, model_id='ETTh1_336_720', model='Linear', data='ETTh1', root_path='./dataset/', data_path='ETTh1.csv', features='M', target='OT', freq='h', checkpoints='./checkpoints/', seq_len=336, label_len=48, pred_len=720, individual=False, embed_type=0, enc_in=7, dec_in=7, c_out=7, d_model=512, n_heads=8, e_layers=2, d_layers=1, d_ff=2048, moving_avg=25, factor=1, distil=True, dropout=0.05, embed='timeF', activation='gelu', output_attention=False, do_predict=False, num_workers=0, itr=1, train_epochs=10, batch_size=32, patience=3, learning_rate=0.005, des='Exp', loss='mse', lradj='type1', use_amp=False, use_gpu=False, gpu=0, use_multi_gpu=False, devices='0,1,2,3', test_flop=False)
Use CPU
>>>>>>>start training : ETTh1_336_720_Linear_ETTh1_ftM_sl336_ll48_pl720_dm512_nh8_el2_dl1_df2048_fc1_ebtimeF_dtTrue_Exp_0>>>>>>>>>>>>>>>>>>>>>>>>>>
train 7585
val 2161
test 2161
	iters: 100, epoch: 1 | loss: 0.5734562
	speed: 0.0070s/iter; left time: 15.9543s
	iters: 200, epoch: 1 | loss: 0.5597594
	speed: 0.0070s/iter; left time: 15.2089s
Epoch: 1 cost time: 1.6702189445495605
Epoch: 1, Steps: 237 | Train Loss: 0.5804134 Vali Loss: 1.1629180 Test Loss: 0.6259408
Validation loss decreased (inf --> 1.162918).  Saving model ...
Updating learning rate to 0.005
	iters: 100, epoch: 2 | loss: 0.5511561
	speed: 0.0140s/iter; left time: 28.4643s
	iters: 200, epoch: 2 | loss: 0.5677561
	speed: 0.0078s/iter; left time: 15.1419s
Epoch: 2 cost time: 1.7523951530456543
Epoch: 2, Steps: 237 | Train Loss: 0.5502420 Vali Loss: 1.3101906 Test Loss: 0.4893244
EarlyStopping counter: 1 out of 3
Updating learning rate to 0.0025
	iters: 100, epoch: 3 | loss: 0.5825121
	speed: 0.0151s/iter; left time: 27.1238s
	iters: 200, epoch: 3 | loss: 0.5065543
	speed: 0.0068s/iter; left time: 11.4677s
Epoch: 3 cost time: 1.7021570205688477
Epoch: 3, Steps: 237 | Train Loss: 0.5309236 Vali Loss: 1.1991655 Test Loss: 0.5134525
EarlyStopping counter: 2 out of 3
Updating learning rate to 0.00125
	iters: 100, epoch: 4 | loss: 0.5609596
	speed: 0.0141s/iter; left time: 21.9578s
	iters: 200, epoch: 4 | loss: 0.5116129
	speed: 0.0074s/iter; left time: 10.7627s
Epoch: 4 cost time: 1.7043471336364746
Epoch: 4, Steps: 237 | Train Loss: 0.5226627 Vali Loss: 1.2073672 Test Loss: 0.4908608
EarlyStopping counter: 3 out of 3
Early stopping
>>>>>>>testing : ETTh1_336_720_Linear_ETTh1_ftM_sl336_ll48_pl720_dm512_nh8_el2_dl1_df2048_fc1_ebtimeF_dtTrue_Exp_0<<<<<<<<<<<<<<<<<<<<<<<<<<<<<<<<<
test 2161
mse:0.624996542930603, mae:0.593038022518158
