Args in experiment:
Namespace(is_training=1, train_only=False, model_id='ETTh1_336_336', model='Linear', data='ETTh1', root_path='./dataset/', data_path='ETTh1.csv', features='M', target='OT', freq='h', checkpoints='./checkpoints/', seq_len=336, label_len=48, pred_len=336, individual=False, embed_type=0, enc_in=7, dec_in=7, c_out=7, d_model=512, n_heads=8, e_layers=2, d_layers=1, d_ff=2048, moving_avg=25, factor=1, distil=True, dropout=0.05, embed='timeF', activation='gelu', output_attention=False, do_predict=False, num_workers=0, itr=1, train_epochs=10, batch_size=32, patience=3, learning_rate=0.005, des='Exp', loss='mse', lradj='type1', use_amp=False, use_gpu=False, gpu=0, use_multi_gpu=False, devices='0,1,2,3', test_flop=False)
Use CPU
>>>>>>>start training : ETTh1_336_336_Linear_ETTh1_ftM_sl336_ll48_pl336_dm512_nh8_el2_dl1_df2048_fc1_ebtimeF_dtTrue_Exp_0>>>>>>>>>>>>>>>>>>>>>>>>>>
train 7969
val 2545
test 2545
	iters: 100, epoch: 1 | loss: 0.5259787
	speed: 0.0094s/iter; left time: 22.5738s
	iters: 200, epoch: 1 | loss: 0.4492682
	speed: 0.0057s/iter; left time: 12.9911s
Epoch: 1 cost time: 1.7911748886108398
Epoch: 1, Steps: 249 | Train Loss: 0.5008709 Vali Loss: 1.0617855 Test Loss: 0.4791616
Validation loss decreased (inf --> 1.061785).  Saving model ...
Updating learning rate to 0.005
	iters: 100, epoch: 2 | loss: 0.4720176
	speed: 0.0122s/iter; left time: 26.0572s
	iters: 200, epoch: 2 | loss: 0.4715237
	speed: 0.0056s/iter; left time: 11.5156s
Epoch: 2 cost time: 1.3663971424102783
Epoch: 2, Steps: 249 | Train Loss: 0.4684036 Vali Loss: 1.0966861 Test Loss: 0.4616994
EarlyStopping counter: 1 out of 3
Updating learning rate to 0.0025
	iters: 100, epoch: 3 | loss: 0.4035526
	speed: 0.0118s/iter; left time: 22.4262s
	iters: 200, epoch: 3 | loss: 0.4907039
	speed: 0.0053s/iter; left time: 9.5296s
Epoch: 3 cost time: 1.3194952011108398
Epoch: 3, Steps: 249 | Train Loss: 0.4534042 Vali Loss: 1.1753838 Test Loss: 0.4438956
EarlyStopping counter: 2 out of 3
Updating learning rate to 0.00125
	iters: 100, epoch: 4 | loss: 0.5023037
	speed: 0.0124s/iter; left time: 20.3430s
	iters: 200, epoch: 4 | loss: 0.4853207
	speed: 0.0054s/iter; left time: 8.3875s
Epoch: 4 cost time: 1.3776462078094482
Epoch: 4, Steps: 249 | Train Loss: 0.4448588 Vali Loss: 1.0750566 Test Loss: 0.4436416
EarlyStopping counter: 3 out of 3
Early stopping
>>>>>>>testing : ETTh1_336_336_Linear_ETTh1_ftM_sl336_ll48_pl336_dm512_nh8_el2_dl1_df2048_fc1_ebtimeF_dtTrue_Exp_0<<<<<<<<<<<<<<<<<<<<<<<<<<<<<<<<<
test 2545
mse:0.47915029525756836, mae:0.47670137882232666
