Args in experiment:
Namespace(is_training=1, train_only=False, model_id='ETTh1_336_96', model='NLinear', data='ETTh1', root_path='./dataset/', data_path='ETTh1.csv', features='M', target='OT', freq='h', checkpoints='./checkpoints/', seq_len=336, label_len=48, pred_len=96, individual=False, embed_type=0, enc_in=7, dec_in=7, c_out=7, d_model=512, n_heads=8, e_layers=2, d_layers=1, d_ff=2048, moving_avg=25, factor=1, distil=True, dropout=0.05, embed='timeF', activation='gelu', output_attention=False, do_predict=False, num_workers=0, itr=1, train_epochs=10, batch_size=32, patience=3, learning_rate=0.005, des='Exp', loss='mse', lradj='type1', use_amp=False, use_gpu=False, gpu=0, use_multi_gpu=False, devices='0,1,2,3', test_flop=False)
Use CPU
>>>>>>>start training : ETTh1_336_96_NLinear_ETTh1_ftM_sl336_ll48_pl96_dm512_nh8_el2_dl1_df2048_fc1_ebtimeF_dtTrue_Exp_0>>>>>>>>>>>>>>>>>>>>>>>>>>
train 8209
val 2785
test 2785
	iters: 100, epoch: 1 | loss: 0.3826571
	speed: 0.0028s/iter; left time: 6.9815s
	iters: 200, epoch: 1 | loss: 0.4454839
	speed: 0.0027s/iter; left time: 6.2930s
Epoch: 1 cost time: 0.7056601047515869
Epoch: 1, Steps: 256 | Train Loss: 0.4002325 Vali Loss: 0.6939224 Test Loss: 0.3970599
Validation loss decreased (inf --> 0.693922).  Saving model ...
Updating learning rate to 0.005
	iters: 100, epoch: 2 | loss: 0.3476017
	speed: 0.0076s/iter; left time: 16.7794s
	iters: 200, epoch: 2 | loss: 0.4134327
	speed: 0.0026s/iter; left time: 5.5762s
Epoch: 2 cost time: 0.7306771278381348
Epoch: 2, Steps: 256 | Train Loss: 0.3730487 Vali Loss: 0.7334133 Test Loss: 0.4024242
EarlyStopping counter: 1 out of 3
Updating learning rate to 0.0025
	iters: 100, epoch: 3 | loss: 0.3752820
	speed: 0.0073s/iter; left time: 14.2776s
	iters: 200, epoch: 3 | loss: 0.3323310
	speed: 0.0027s/iter; left time: 5.0329s
Epoch: 3 cost time: 0.6947891712188721
Epoch: 3, Steps: 256 | Train Loss: 0.3541133 Vali Loss: 0.6949283 Test Loss: 0.3889862
EarlyStopping counter: 2 out of 3
Updating learning rate to 0.00125
	iters: 100, epoch: 4 | loss: 0.4044221
	speed: 0.0073s/iter; left time: 12.2924s
	iters: 200, epoch: 4 | loss: 0.3003031
	speed: 0.0026s/iter; left time: 4.0787s
Epoch: 4 cost time: 0.6906208992004395
Epoch: 4, Steps: 256 | Train Loss: 0.3433566 Vali Loss: 0.6841063 Test Loss: 0.3799990
Validation loss decreased (0.693922 --> 0.684106).  Saving model ...
Updating learning rate to 0.000625
	iters: 100, epoch: 5 | loss: 0.3886657
	speed: 0.0070s/iter; left time: 10.0605s
	iters: 200, epoch: 5 | loss: 0.3648792
	speed: 0.0028s/iter; left time: 3.6943s
Epoch: 5 cost time: 0.6839628219604492
Epoch: 5, Steps: 256 | Train Loss: 0.3394613 Vali Loss: 0.6821484 Test Loss: 0.3741614
Validation loss decreased (0.684106 --> 0.682148).  Saving model ...
Updating learning rate to 0.0003125
	iters: 100, epoch: 6 | loss: 0.3633874
	speed: 0.0077s/iter; left time: 9.1329s
	iters: 200, epoch: 6 | loss: 0.3530131
	speed: 0.0028s/iter; left time: 2.9921s
Epoch: 6 cost time: 0.7148330211639404
Epoch: 6, Steps: 256 | Train Loss: 0.3367944 Vali Loss: 0.6830977 Test Loss: 0.3742718
EarlyStopping counter: 1 out of 3
Updating learning rate to 0.00015625
	iters: 100, epoch: 7 | loss: 0.3840329
	speed: 0.0075s/iter; left time: 6.9532s
	iters: 200, epoch: 7 | loss: 0.3374317
	speed: 0.0032s/iter; left time: 2.6177s
Epoch: 7 cost time: 0.801591157913208
Epoch: 7, Steps: 256 | Train Loss: 0.3357821 Vali Loss: 0.6682821 Test Loss: 0.3748621
Validation loss decreased (0.682148 --> 0.668282).  Saving model ...
Updating learning rate to 7.8125e-05
	iters: 100, epoch: 8 | loss: 0.3123558
	speed: 0.0075s/iter; left time: 5.0483s
	iters: 200, epoch: 8 | loss: 0.3410265
	speed: 0.0026s/iter; left time: 1.5056s
Epoch: 8 cost time: 0.6988000869750977
Epoch: 8, Steps: 256 | Train Loss: 0.3347685 Vali Loss: 0.6728647 Test Loss: 0.3729113
EarlyStopping counter: 1 out of 3
Updating learning rate to 3.90625e-05
	iters: 100, epoch: 9 | loss: 0.2812371
	speed: 0.0073s/iter; left time: 3.0296s
	iters: 200, epoch: 9 | loss: 0.3306604
	speed: 0.0025s/iter; left time: 0.7781s
Epoch: 9 cost time: 0.6978292465209961
Epoch: 9, Steps: 256 | Train Loss: 0.3345880 Vali Loss: 0.6719573 Test Loss: 0.3725656
EarlyStopping counter: 2 out of 3
Updating learning rate to 1.953125e-05
	iters: 100, epoch: 10 | loss: 0.3482651
	speed: 0.0075s/iter; left time: 1.1817s
	iters: 200, epoch: 10 | loss: 0.3734120
	speed: 0.0033s/iter; left time: 0.1891s
Epoch: 10 cost time: 0.7902090549468994
Epoch: 10, Steps: 256 | Train Loss: 0.3342473 Vali Loss: 0.6737540 Test Loss: 0.3720275
EarlyStopping counter: 3 out of 3
Early stopping
>>>>>>>testing : ETTh1_336_96_NLinear_ETTh1_ftM_sl336_ll48_pl96_dm512_nh8_el2_dl1_df2048_fc1_ebtimeF_dtTrue_Exp_0<<<<<<<<<<<<<<<<<<<<<<<<<<<<<<<<<
test 2785
mse:0.3737042248249054, mae:0.3942243158817291
