Args in experiment:
Namespace(is_training=1, train_only=False, model_id='ETTh1_336_192', model='NLinear', data='ETTh1', root_path='./dataset/', data_path='ETTh1.csv', features='M', target='OT', freq='h', checkpoints='./checkpoints/', seq_len=336, label_len=48, pred_len=192, individual=False, embed_type=0, enc_in=7, dec_in=7, c_out=7, d_model=512, n_heads=8, e_layers=2, d_layers=1, d_ff=2048, moving_avg=25, factor=1, distil=True, dropout=0.05, embed='timeF', activation='gelu', output_attention=False, do_predict=False, num_workers=0, itr=1, train_epochs=10, batch_size=32, patience=3, learning_rate=0.005, des='Exp', loss='mse', lradj='type1', use_amp=False, use_gpu=False, gpu=0, use_multi_gpu=False, devices='0,1,2,3', test_flop=False)
Use CPU
>>>>>>>start training : ETTh1_336_192_NLinear_ETTh1_ftM_sl336_ll48_pl192_dm512_nh8_el2_dl1_df2048_fc1_ebtimeF_dtTrue_Exp_0>>>>>>>>>>>>>>>>>>>>>>>>>>
train 8113
val 2689
test 2689
	iters: 100, epoch: 1 | loss: 0.4489862
	speed: 0.0048s/iter; left time: 11.5712s
	iters: 200, epoch: 1 | loss: 0.3882379
	speed: 0.0055s/iter; left time: 12.7379s
Epoch: 1 cost time: 1.2783818244934082
Epoch: 1, Steps: 253 | Train Loss: 0.4673015 Vali Loss: 0.9736655 Test Loss: 0.4660440
Validation loss decreased (inf --> 0.973666).  Saving model ...
Updating learning rate to 0.005
	iters: 100, epoch: 2 | loss: 0.4478322
	speed: 0.0112s/iter; left time: 24.4468s
	iters: 200, epoch: 2 | loss: 0.4043728
	speed: 0.0047s/iter; left time: 9.7143s
Epoch: 2 cost time: 1.214878797531128
Epoch: 2, Steps: 253 | Train Loss: 0.4280297 Vali Loss: 1.0165359 Test Loss: 0.4483765
EarlyStopping counter: 1 out of 3
Updating learning rate to 0.0025
	iters: 100, epoch: 3 | loss: 0.4389765
	speed: 0.0112s/iter; left time: 21.5578s
	iters: 200, epoch: 3 | loss: 0.4106584
	speed: 0.0048s/iter; left time: 8.7228s
Epoch: 3 cost time: 1.204261064529419
Epoch: 3, Steps: 253 | Train Loss: 0.4105496 Vali Loss: 0.9593856 Test Loss: 0.4192195
Validation loss decreased (0.973666 --> 0.959386).  Saving model ...
Updating learning rate to 0.00125
	iters: 100, epoch: 4 | loss: 0.4120966
	speed: 0.0117s/iter; left time: 19.5266s
	iters: 200, epoch: 4 | loss: 0.4317082
	speed: 0.0047s/iter; left time: 7.3720s
Epoch: 4 cost time: 1.2110929489135742
Epoch: 4, Steps: 253 | Train Loss: 0.4001586 Vali Loss: 0.9246240 Test Loss: 0.4149148
Validation loss decreased (0.959386 --> 0.924624).  Saving model ...
Updating learning rate to 0.000625
	iters: 100, epoch: 5 | loss: 0.3866901
	speed: 0.0113s/iter; left time: 16.0196s
	iters: 200, epoch: 5 | loss: 0.3894800
	speed: 0.0047s/iter; left time: 6.2330s
Epoch: 5 cost time: 1.222203016281128
Epoch: 5, Steps: 253 | Train Loss: 0.3961666 Vali Loss: 0.9224337 Test Loss: 0.4105013
Validation loss decreased (0.924624 --> 0.922434).  Saving model ...
Updating learning rate to 0.0003125
	iters: 100, epoch: 6 | loss: 0.3049454
	speed: 0.0113s/iter; left time: 13.1895s
	iters: 200, epoch: 6 | loss: 0.3377509
	speed: 0.0048s/iter; left time: 5.1115s
Epoch: 6 cost time: 1.27018404006958
Epoch: 6, Steps: 253 | Train Loss: 0.3939438 Vali Loss: 0.9168068 Test Loss: 0.4088557
Validation loss decreased (0.922434 --> 0.916807).  Saving model ...
Updating learning rate to 0.00015625
	iters: 100, epoch: 7 | loss: 0.4083457
	speed: 0.0129s/iter; left time: 11.7874s
	iters: 200, epoch: 7 | loss: 0.3137726
	speed: 0.0061s/iter; left time: 4.9870s
Epoch: 7 cost time: 1.450047254562378
Epoch: 7, Steps: 253 | Train Loss: 0.3922428 Vali Loss: 0.9176482 Test Loss: 0.4076985
EarlyStopping counter: 1 out of 3
Updating learning rate to 7.8125e-05
	iters: 100, epoch: 8 | loss: 0.4174789
	speed: 0.0112s/iter; left time: 7.3699s
	iters: 200, epoch: 8 | loss: 0.4313984
	speed: 0.0053s/iter; left time: 2.9658s
Epoch: 8 cost time: 1.240889072418213
Epoch: 8, Steps: 253 | Train Loss: 0.3914495 Vali Loss: 0.9199621 Test Loss: 0.4061869
EarlyStopping counter: 2 out of 3
Updating learning rate to 3.90625e-05
	iters: 100, epoch: 9 | loss: 0.4035803
	speed: 0.0110s/iter; left time: 4.4776s
	iters: 200, epoch: 9 | loss: 0.4194737
	speed: 0.0045s/iter; left time: 1.3793s
Epoch: 9 cost time: 1.1936910152435303
Epoch: 9, Steps: 253 | Train Loss: 0.3911026 Vali Loss: 0.9174351 Test Loss: 0.4061331
EarlyStopping counter: 3 out of 3
Early stopping
>>>>>>>testing : ETTh1_336_192_NLinear_ETTh1_ftM_sl336_ll48_pl192_dm512_nh8_el2_dl1_df2048_fc1_ebtimeF_dtTrue_Exp_0<<<<<<<<<<<<<<<<<<<<<<<<<<<<<<<<<
test 2689
mse:0.4079195559024811, mae:0.4150417447090149
